Write; Address 0; Value 0; Time 111
Read; Address 0; Value 0; Time 112
Time = DRAM_READ_TIME + L2_READ_TIME + L1_WRITE_TIME + L1_READ_TIME = 112

Write; Address 16384; Value 16384; Time 228
Read; Address 16384; Value 16384; Time 229
Time = Time + DRAM_READ_TIME + L2_READ_TIME + L2_WRITE_TIME + L1_WRITE_TIME + L1_READ_TIME = 229

Write; Address 0; Value 0; Time 245
Read; Address 0; Value 0; Time 246
Time = Time + L2_READ_TIME + L2_WRITE_TIME + L1_WRITE_TIME + L1_READ_TIME = 246
